{
  "filters_used": [
    {
      "path": "detect_secrets.filters.allowlist.is_line_allowlisted"
    },
    {
      "filename": ".secrets.baseline",
      "path": "detect_secrets.filters.common.is_baseline_file"
    },
    {
      "min_level": 2,
      "path": "detect_secrets.filters.common.is_ignored_due_to_verification_policies"
    },
    {
      "path": "detect_secrets.filters.heuristic.is_indirect_reference"
    },
    {
      "path": "detect_secrets.filters.heuristic.is_likely_id_string"
    },
    {
      "path": "detect_secrets.filters.heuristic.is_lock_file"
    },
    {
      "path": "detect_secrets.filters.heuristic.is_not_alphanumeric_string"
    },
    {
      "path": "detect_secrets.filters.heuristic.is_potential_uuid"
    },
    {
      "path": "detect_secrets.filters.heuristic.is_prefixed_with_dollar_sign"
    },
    {
      "path": "detect_secrets.filters.heuristic.is_sequential_string"
    },
    {
      "path": "detect_secrets.filters.heuristic.is_swagger_file"
    },
    {
      "path": "detect_secrets.filters.heuristic.is_templated_secret"
    }
  ],
  "generated_at": "2026-05-04T13:15:05Z",
  "plugins_used": [
    {
      "name": "ArtifactoryDetector"
    },
    {
      "name": "AWSKeyDetector"
    },
    {
      "name": "AzureStorageKeyDetector"
    },
    {
      "limit": 4.5,
      "name": "Base64HighEntropyString"
    },
    {
      "name": "BasicAuthDetector"
    },
    {
      "name": "CloudantDetector"
    },
    {
      "name": "DiscordBotTokenDetector"
    },
    {
      "name": "GitHubTokenDetector"
    },
    {
      "name": "GitLabTokenDetector"
    },
    {
      "limit": 3.0,
      "name": "HexHighEntropyString"
    },
    {
      "name": "IbmCloudIamDetector"
    },
    {
      "name": "IbmCosHmacDetector"
    },
    {
      "name": "IPPublicDetector"
    },
    {
      "name": "JwtTokenDetector"
    },
    {
      "keyword_exclude": "",
      "name": "KeywordDetector"
    },
    {
      "name": "MailchimpDetector"
    },
    {
      "name": "NpmDetector"
    },
    {
      "name": "OpenAIDetector"
    },
    {
      "name": "PrivateKeyDetector"
    },
    {
      "name": "PypiTokenDetector"
    },
    {
      "name": "SendGridDetector"
    },
    {
      "name": "SlackDetector"
    },
    {
      "name": "SoftlayerDetector"
    },
    {
      "name": "SquareOAuthDetector"
    },
    {
      "name": "StripeDetector"
    },
    {
      "name": "TelegramBotTokenDetector"
    },
    {
      "name": "TwilioKeyDetector"
    }
  ],
  "results": {
    ".claude/hooks/README.md": [
      {
        "filename": ".claude/hooks/README.md",
        "hashed_secret": "1d5bc0e7232d07b336f4d35db4c0200142962f4a",
        "is_verified": false,
        "line_number": 44,
        "type": "AWS Access Key"
      },
      {
        "filename": ".claude/hooks/README.md",
        "hashed_secret": "25910f981e85ca04baf359199dd0bd4a3ae738b6",
        "is_verified": false,
        "line_number": 49,
        "type": "AWS Access Key"
      }
    ],
    ".env.example": [
      {
        "filename": ".env.example",
        "hashed_secret": "39a44d0c0ce6d446594daea7700e8b6200719c42",
        "is_verified": false,
        "line_number": 14,
        "type": "Basic Auth Credentials"
      }
    ],
    ".github/workflows/postgres-tests.yml": [
      {
        "filename": ".github/workflows/postgres-tests.yml",
        "hashed_secret": "39a44d0c0ce6d446594daea7700e8b6200719c42",
        "is_verified": false,
        "line_number": 25,
        "type": "Secret Keyword"
      },
      {
        "filename": ".github/workflows/postgres-tests.yml",
        "hashed_secret": "39a44d0c0ce6d446594daea7700e8b6200719c42",
        "is_verified": false,
        "line_number": 55,
        "type": "Basic Auth Credentials"
      }
    ],
    "alembic.ini": [
      {
        "filename": "alembic.ini",
        "hashed_secret": "39a44d0c0ce6d446594daea7700e8b6200719c42",
        "is_verified": false,
        "line_number": 4,
        "type": "Basic Auth Credentials"
      }
    ],
    "docker-compose.yml": [
      {
        "filename": "docker-compose.yml",
        "hashed_secret": "39a44d0c0ce6d446594daea7700e8b6200719c42",
        "is_verified": false,
        "line_number": 14,
        "type": "Secret Keyword"
      }
    ],
    "src/agora/config.py": [
      {
        "filename": "src/agora/config.py",
        "hashed_secret": "39a44d0c0ce6d446594daea7700e8b6200719c42",
        "is_verified": false,
        "line_number": 29,
        "type": "Basic Auth Credentials"
      }
    ],
    "tests/test_alembic_postgres.py": [
      {
        "filename": "tests/test_alembic_postgres.py",
        "hashed_secret": "39a44d0c0ce6d446594daea7700e8b6200719c42",
        "is_verified": false,
        "line_number": 29,
        "type": "Basic Auth Credentials"
      }
    ]
  },
  "version": "1.5.0"
}
